// Jest Snapshot v1, https://jestjs.io/docs/snapshot-testing

exports[`NotFoundPage renders the 404 page correctly 1`] = `"<div data-testid="layout" data-title="Test Site Title"><title data-testid="seo">404: Not Found</title><h1>Not Found</h1><p>You just hit a route that doesn&#x27;t exist... the sadness.</p></div>"`;
